// Jest Snapshot v1, https://goo.gl/fbAQLP

exports[`composer component: should have core class methods snapshot should match 1`] = `"<img src=\\"https^//www.avatar.com\\"><form><textarea placeholder=\\"What&apos;s on your mind, Bard?\\"></textarea><input type=\\"submit\\" value=\\"Post\\"></form>"`;
